[17:23:35] ============================================================
[17:23:35] FILO2 vs lkh_v21_minsum_cap (n=50k & n=100k uniform m=5)
[17:23:35] Probe dir: /mnt/c/Users/ddkup/for_claude/filo2_probe
[17:23:35] ============================================================
[17:23:35] Verifying inputs...
-rwxrwxrwx 1 ddkup ddkup 2055626 Apr 21 20:09 data/mtsp/generated_multifamily/uniform_n100000_m5_r01.txt
-rwxrwxrwx 1 ddkup ddkup 1005631 Apr 21 20:09 data/mtsp/generated_multifamily/uniform_n50000_m5_r01.txt
[17:23:36] 
[17:23:36] === n=50000 uniform m=5 — FILO2 then v21 ===
[17:23:36] >>> FILO2 [n50k_uniform_m5] seed=1 budget=300s
{
  "status": "ok",
  "elapsed_seconds": 300.09891414642334,
  "return_code": 0,
  "metrics": {
    "routes_count": 5,
    "m_requested": 5,
    "exact_m": true,
    "valid_cover": true,
    "duplicates_count": 0,
    "missing_count": 0,
    "total_distance": 4180019.695474553,
    "max_route_distance": 1100252.628805269,
    "avg_route_distance": 836003.9390949106,
    "imbalance": 1.3160854600714489
  }
}
Saved result to /mnt/c/Users/ddkup/for_claude/filo2_probe/filo2_n50k_uniform_m5/uniform_n50000_m5_r01_m5_seed1.json
[17:28:36] <<< FILO2 [n50k_uniform_m5] seed=1 rc=0
[17:28:36] >>> FILO2 [n50k_uniform_m5] seed=2 budget=300s
{
  "status": "ok",
  "elapsed_seconds": 300.0710756778717,
  "return_code": 0,
  "metrics": {
    "routes_count": 5,
    "m_requested": 5,
    "exact_m": true,
    "valid_cover": true,
    "duplicates_count": 0,
    "missing_count": 0,
    "total_distance": 4184737.928463237,
    "max_route_distance": 1250933.4936090962,
    "avg_route_distance": 836947.5856926474,
    "imbalance": 1.4946377945207157
  }
}
Saved result to /mnt/c/Users/ddkup/for_claude/filo2_probe/filo2_n50k_uniform_m5/uniform_n50000_m5_r01_m5_seed2.json
[17:33:37] <<< FILO2 [n50k_uniform_m5] seed=2 rc=0
[17:33:37] >>> FILO2 [n50k_uniform_m5] seed=3 budget=300s
{
  "status": "ok",
  "elapsed_seconds": 300.0988874435425,
  "return_code": 0,
  "metrics": {
    "routes_count": 5,
    "m_requested": 5,
    "exact_m": true,
    "valid_cover": true,
    "duplicates_count": 0,
    "missing_count": 0,
    "total_distance": 4178996.38464631,
    "max_route_distance": 1261225.092783986,
    "avg_route_distance": 835799.276929262,
    "imbalance": 1.5090047665723572
  }
}
Saved result to /mnt/c/Users/ddkup/for_claude/filo2_probe/filo2_n50k_uniform_m5/uniform_n50000_m5_r01_m5_seed3.json
[17:38:38] <<< FILO2 [n50k_uniform_m5] seed=3 rc=0
[17:38:38] >>> v21 [n50k_uniform_m5] seeds=3 budget=300000ms
[1/3] run: uniform_n50000_m5_r01.txt seed=1 budget_ms=300000 solver=lkh_v21_minsum_cap
           done: obj=4504462.211063524 valid=True wall_s=186.9
[2/3] run: uniform_n50000_m5_r01.txt seed=2 budget_ms=300000 solver=lkh_v21_minsum_cap
           done: obj=4509204.768392042 valid=True wall_s=188.7
[3/3] run: uniform_n50000_m5_r01.txt seed=3 budget_ms=300000 solver=lkh_v21_minsum_cap
           done: obj=4504154.080503846 valid=True wall_s=189.5

Wrote summary: /mnt/c/Users/ddkup/for_claude/filo2_probe/v21_n50k_uniform_m5/summary.json
Per-instance:
  uniform_n50000_m5_r01.txt                               mean=4505940.35 std=2831.26 cv=0.063% min=4504154.08 max=4509204.77 (3/3 valid)
[17:48:04] <<< v21 [n50k_uniform_m5] rc=0
[17:48:04] n=50k batch elapsed: 1469s
[17:48:04] 
[17:48:04] === n=100000 uniform m=5 — FILO2 then v21 ===
[17:48:04] >>> FILO2 [n100k_uniform_m5] seed=1 budget=600s
{
  "status": "ok",
  "elapsed_seconds": 930.3406972885132,
  "return_code": 0,
  "metrics": {
    "routes_count": 5,
    "m_requested": 5,
    "exact_m": true,
    "valid_cover": true,
    "duplicates_count": 0,
    "missing_count": 0,
    "total_distance": 12771046.710730977,
    "max_route_distance": 3586901.904663053,
    "avg_route_distance": 2554209.3421461955,
    "imbalance": 1.4043100718005865
  }
}
Saved result to /mnt/c/Users/ddkup/for_claude/filo2_probe/filo2_n100k_uniform_m5/uniform_n100000_m5_r01_m5_seed1.json
[18:03:36] <<< FILO2 [n100k_uniform_m5] seed=1 rc=0
[18:03:36] >>> FILO2 [n100k_uniform_m5] seed=2 budget=600s
{
  "status": "ok",
  "elapsed_seconds": 817.415559053421,
  "return_code": 0,
  "metrics": {
    "routes_count": 5,
    "m_requested": 5,
    "exact_m": true,
    "valid_cover": true,
    "duplicates_count": 0,
    "missing_count": 0,
    "total_distance": 12613477.14184478,
    "max_route_distance": 3558942.662634933,
    "avg_route_distance": 2522695.428368956,
    "imbalance": 1.4107698545820733
  }
}
Saved result to /mnt/c/Users/ddkup/for_claude/filo2_probe/filo2_n100k_uniform_m5/uniform_n100000_m5_r01_m5_seed2.json
[18:17:15] <<< FILO2 [n100k_uniform_m5] seed=2 rc=0
[18:17:15] >>> FILO2 [n100k_uniform_m5] seed=3 budget=600s
{
  "status": "ok",
  "elapsed_seconds": 723.5328750610352,
  "return_code": 0,
  "metrics": {
    "routes_count": 5,
    "m_requested": 5,
    "exact_m": true,
    "valid_cover": true,
    "duplicates_count": 0,
    "missing_count": 0,
    "total_distance": 12739911.416530244,
    "max_route_distance": 3290321.5234164484,
    "avg_route_distance": 2547982.2833060487,
    "imbalance": 1.2913439567355243
  }
}
Saved result to /mnt/c/Users/ddkup/for_claude/filo2_probe/filo2_n100k_uniform_m5/uniform_n100000_m5_r01_m5_seed3.json
[18:29:20] <<< FILO2 [n100k_uniform_m5] seed=3 rc=0
[18:29:20] >>> v21 [n100k_uniform_m5] seeds=3 budget=600000ms
[1/3] run: uniform_n100000_m5_r01.txt seed=1 budget_ms=600000 solver=lkh_v21_minsum_cap
           done: obj=12866886.032127935 valid=True wall_s=470.1
[2/3] run: uniform_n100000_m5_r01.txt seed=2 budget_ms=600000 solver=lkh_v21_minsum_cap
           done: obj=12887832.171068095 valid=True wall_s=460.6
[3/3] run: uniform_n100000_m5_r01.txt seed=3 budget_ms=600000 solver=lkh_v21_minsum_cap
           done: obj=12922610.959286455 valid=True wall_s=464.2

Wrote summary: /mnt/c/Users/ddkup/for_claude/filo2_probe/v21_n100k_uniform_m5/summary.json
Per-instance:
  uniform_n100000_m5_r01.txt                              mean=12892443.05 std=28147.15 cv=0.218% min=12866886.03 max=12922610.96 (3/3 valid)
[18:52:37] <<< v21 [n100k_uniform_m5] rc=0
[18:52:37] n=100k batch elapsed: 5342s
[18:52:37] 
[18:52:37] === Summary ===
============================================================
FILO2 vs lkh_v21_minsum_cap (uniform m=5)
============================================================

----- n=50000 m=5 -----

FILO2 (capacity=ceil((n-1)/m), routes can be != m before postprocess):
  seed=1  rc=0 t=  300.1s  raw_obj=     4180038.5 raw_routes=6  postp_obj=     4180019.7  max_rt= 1100252.6  imbal=1.32  valid=True
  seed=2  rc=0 t=  300.1s  raw_obj=     4184780.7 raw_routes=6  postp_obj=     4184737.9  max_rt= 1250933.5  imbal=1.49  valid=True
  seed=3  rc=0 t=  300.1s  raw_obj=     4179135.4 raw_routes=6  postp_obj=     4178996.4  max_rt= 1261225.1  imbal=1.51  valid=True

lkh_v21_minsum_cap:
  seed=1    t=    0.0s  obj=     4504462.2  routes=5  max_rt=       0.0  imbal=0.00  valid=True
  seed=2    t=    0.0s  obj=     4509204.8  routes=5  max_rt=       0.0  imbal=0.00  valid=True
  seed=3    t=    0.0s  obj=     4504154.1  routes=5  max_rt=       0.0  imbal=0.00  valid=True

----- n=100000 m=5 -----

FILO2 (capacity=ceil((n-1)/m), routes can be != m before postprocess):
  seed=1  rc=0 t=  930.3s  raw_obj=    12771170.3 raw_routes=6  postp_obj=    12771046.7  max_rt= 3586901.9  imbal=1.40  valid=True
  seed=2  rc=0 t=  817.4s  raw_obj=    12613729.2 raw_routes=6  postp_obj=    12613477.1  max_rt= 3558942.7  imbal=1.41  valid=True
  seed=3  rc=0 t=  723.5s  raw_obj=    12740117.9 raw_routes=6  postp_obj=    12739911.4  max_rt= 3290321.5  imbal=1.29  valid=True

lkh_v21_minsum_cap:
  seed=1    t=    0.0s  obj=    12866886.0  routes=5  max_rt=       0.0  imbal=0.00  valid=True
  seed=2    t=    0.0s  obj=    12887832.2  routes=5  max_rt=       0.0  imbal=0.00  valid=True
  seed=3    t=    0.0s  obj=    12922611.0  routes=5  max_rt=       0.0  imbal=0.00  valid=True

============================================================
[18:52:37] 
[18:52:37] TOTAL WALL: 5342s
[18:52:37] Summary: /mnt/c/Users/ddkup/for_claude/filo2_probe/summary.txt
[18:52:37] Log: /mnt/c/Users/ddkup/for_claude/filo2_probe/run.log
