{"solver": "2opt+greed", "tag": "n1000_m3_seed42", "status": "ok", "objective": 14820.126693703722, "valid": true, "elapsed": 0.05183982849121094, "solver_time": 0.014448}
{"solver": "v19", "tag": "n1000_m3_seed42", "status": "ok", "objective": 13063.354682390072, "valid": true, "elapsed": 0.5604655742645264, "solver_time": 0.520687}
{"solver": "lkh3-baseline", "tag": "n1000_m3_seed42", "status": "ok", "objective": 11627.650951161084, "valid": true, "elapsed": 15.421084880828857, "solver_time": 15.383247}
{"solver": "FILO2", "tag": "n1000_m3_seed42", "status": "ok", "objective": 11850.205332638165, "valid": true, "exact_m": true, "elapsed": 31.21292805671692, "solver_time": 30.09228539466858, "result_path": "C:\\Users\\ddkup\\coursework\\mtsp-routing-optimization\\data\\results\\overnight_20260429_0016\\filo2\\n1000_m3_seed42\\uniform_n1000_m3_r01_m3_seed42.json"}
{"solver": "2opt+greed", "tag": "n1000_m3_seed7", "status": "ok", "objective": 14820.126693703722, "valid": true, "elapsed": 0.05632662773132324, "solver_time": 0.016076}
{"solver": "v19", "tag": "n1000_m3_seed7", "status": "ok", "objective": 12970.397899691212, "valid": true, "elapsed": 0.5251889228820801, "solver_time": 0.488681}
{"solver": "lkh3-baseline", "tag": "n1000_m3_seed7", "status": "ok", "objective": 11627.650951161084, "valid": true, "elapsed": 8.226264238357544, "solver_time": 8.194817}
{"solver": "FILO2", "tag": "n1000_m3_seed7", "status": "ok", "objective": 11887.548782638838, "valid": true, "exact_m": true, "elapsed": 31.166431665420532, "solver_time": 30.083433389663696, "result_path": "C:\\Users\\ddkup\\coursework\\mtsp-routing-optimization\\data\\results\\overnight_20260429_0016\\filo2\\n1000_m3_seed7\\uniform_n1000_m3_r01_m3_seed7.json"}
{"solver": "2opt+greed", "tag": "n1000_m3_seed13", "status": "ok", "objective": 14820.126693703722, "valid": true, "elapsed": 0.05089735984802246, "solver_time": 0.014507}
{"solver": "v19", "tag": "n1000_m3_seed13", "status": "ok", "objective": 13411.312936656956, "valid": true, "elapsed": 0.4656984806060791, "solver_time": 0.427679}
{"solver": "lkh3-baseline", "tag": "n1000_m3_seed13", "status": "ok", "objective": 11627.650951161084, "valid": true, "elapsed": 8.121024370193481, "solver_time": 8.088304}
{"solver": "FILO2", "tag": "n1000_m3_seed13", "status": "ok", "objective": 11880.363698233317, "valid": true, "exact_m": true, "elapsed": 30.669498682022095, "solver_time": 30.084632873535156, "result_path": "C:\\Users\\ddkup\\coursework\\mtsp-routing-optimization\\data\\results\\overnight_20260429_0016\\filo2\\n1000_m3_seed13\\uniform_n1000_m3_r01_m3_seed13.json"}
{"solver": "2opt+greed", "tag": "n1000_m5_seed42", "status": "ok", "objective": 16881.45564364888, "valid": true, "elapsed": 0.05272984504699707, "solver_time": 0.011584}
{"solver": "v19", "tag": "n1000_m5_seed42", "status": "ok", "objective": 13241.037362311665, "valid": true, "elapsed": 0.5632941722869873, "solver_time": 0.523855}
{"solver": "lkh3-baseline", "tag": "n1000_m5_seed42", "status": "ok", "objective": 11571.199128493688, "valid": true, "elapsed": 7.6061718463897705, "solver_time": 7.57041}
{"solver": "FILO2", "tag": "n1000_m5_seed42", "status": "ok", "objective": 11987.666482115783, "valid": true, "exact_m": true, "elapsed": 31.840077877044678, "solver_time": 30.0704984664917, "result_path": "C:\\Users\\ddkup\\coursework\\mtsp-routing-optimization\\data\\results\\overnight_20260429_0016\\filo2\\n1000_m5_seed42\\uniform_n1000_m5_r01_m5_seed42.json"}
{"solver": "2opt+greed", "tag": "n1000_m5_seed7", "status": "ok", "objective": 16881.45564364888, "valid": true, "elapsed": 0.05506587028503418, "solver_time": 0.011469}
{"solver": "v19", "tag": "n1000_m5_seed7", "status": "ok", "objective": 13098.080855155422, "valid": true, "elapsed": 0.5370707511901855, "solver_time": 0.502515}
{"solver": "lkh3-baseline", "tag": "n1000_m5_seed7", "status": "ok", "objective": 11571.199128493688, "valid": true, "elapsed": 6.815084218978882, "solver_time": 6.780189}
{"solver": "FILO2", "tag": "n1000_m5_seed7", "status": "ok", "objective": 11934.510694097677, "valid": true, "exact_m": true, "elapsed": 30.172932147979736, "solver_time": 30.12676763534546, "result_path": "C:\\Users\\ddkup\\coursework\\mtsp-routing-optimization\\data\\results\\overnight_20260429_0016\\filo2\\n1000_m5_seed7\\uniform_n1000_m5_r01_m5_seed7.json"}
{"solver": "2opt+greed", "tag": "n1000_m5_seed13", "status": "ok", "objective": 16881.45564364888, "valid": true, "elapsed": 0.052542924880981445, "solver_time": 0.012374}
{"solver": "v19", "tag": "n1000_m5_seed13", "status": "ok", "objective": 13113.991858170084, "valid": true, "elapsed": 0.5299668312072754, "solver_time": 0.492762}
{"solver": "lkh3-baseline", "tag": "n1000_m5_seed13", "status": "ok", "objective": 11571.199128493688, "valid": true, "elapsed": 7.341418266296387, "solver_time": 7.309359}
{"solver": "FILO2", "tag": "n1000_m5_seed13", "status": "ok", "objective": 11953.732208907222, "valid": true, "exact_m": true, "elapsed": 31.325100660324097, "solver_time": 30.084835052490234, "result_path": "C:\\Users\\ddkup\\coursework\\mtsp-routing-optimization\\data\\results\\overnight_20260429_0016\\filo2\\n1000_m5_seed13\\uniform_n1000_m5_r01_m5_seed13.json"}
{"solver": "2opt+greed", "tag": "n1000_m7_seed42", "status": "ok", "objective": 16930.08882836686, "valid": true, "elapsed": 0.04728531837463379, "solver_time": 0.008588}
{"solver": "v19", "tag": "n1000_m7_seed42", "status": "ok", "objective": 13535.711069775327, "valid": true, "elapsed": 1.0415637493133545, "solver_time": 1.002542}
{"solver": "lkh3-baseline", "tag": "n1000_m7_seed42", "status": "ok", "objective": 11665.226430383249, "valid": true, "elapsed": 9.77354383468628, "solver_time": 9.746336}
{"solver": "FILO2", "tag": "n1000_m7_seed42", "status": "ok", "objective": 12409.871638396624, "valid": true, "exact_m": true, "elapsed": 30.703080415725708, "solver_time": 30.066141843795776, "result_path": "C:\\Users\\ddkup\\coursework\\mtsp-routing-optimization\\data\\results\\overnight_20260429_0016\\filo2\\n1000_m7_seed42\\uniform_n1000_m7_r01_m7_seed42.json"}
{"solver": "2opt+greed", "tag": "n1000_m7_seed7", "status": "ok", "objective": 16930.08882836686, "valid": true, "elapsed": 0.06381368637084961, "solver_time": 0.011382}
{"solver": "v19", "tag": "n1000_m7_seed7", "status": "ok", "objective": 13522.1016127025, "valid": true, "elapsed": 1.5092885494232178, "solver_time": 1.46385}
{"solver": "lkh3-baseline", "tag": "n1000_m7_seed7", "status": "ok", "objective": 11665.226430383249, "valid": true, "elapsed": 9.126079559326172, "solver_time": 9.079777}
{"solver": "FILO2", "tag": "n1000_m7_seed7", "status": "ok", "objective": 12332.666457143863, "valid": true, "exact_m": true, "elapsed": 32.021244049072266, "solver_time": 31.034101724624634, "result_path": "C:\\Users\\ddkup\\coursework\\mtsp-routing-optimization\\data\\results\\overnight_20260429_0016\\filo2\\n1000_m7_seed7\\uniform_n1000_m7_r01_m7_seed7.json"}
{"solver": "2opt+greed", "tag": "n1000_m7_seed13", "status": "ok", "objective": 16930.08882836686, "valid": true, "elapsed": 0.05643892288208008, "solver_time": 0.010032}
{"solver": "v19", "tag": "n1000_m7_seed13", "status": "ok", "objective": 13528.035123054235, "valid": true, "elapsed": 1.625185489654541, "solver_time": 1.574211}
{"solver": "lkh3-baseline", "tag": "n1000_m7_seed13", "status": "ok", "objective": 11665.226430383249, "valid": true, "elapsed": 9.48395323753357, "solver_time": 9.44352}
{"solver": "FILO2", "tag": "n1000_m7_seed13", "status": "ok", "objective": 12309.252341989339, "valid": true, "exact_m": true, "elapsed": 30.774356603622437, "solver_time": 30.095091819763184, "result_path": "C:\\Users\\ddkup\\coursework\\mtsp-routing-optimization\\data\\results\\overnight_20260429_0016\\filo2\\n1000_m7_seed13\\uniform_n1000_m7_r01_m7_seed13.json"}
{"solver": "2opt+greed", "tag": "n5000_m5_seed42", "status": "ok", "objective": 169128.85074439552, "valid": true, "elapsed": 0.5013644695281982, "solver_time": 0.439185}
{"solver": "v19", "tag": "n5000_m5_seed42", "status": "ok", "objective": 154161.75398220966, "valid": true, "elapsed": 30.38930058479309, "solver_time": 30.343911}
{"solver": "lkh3-baseline", "tag": "n5000_m5_seed42", "status": "ok", "objective": 127020.34640159209, "valid": true, "elapsed": 78.6317822933197, "solver_time": 78.590135}
{"solver": "FILO2", "tag": "n5000_m5_seed42", "status": "ok", "objective": 142527.3266256466, "valid": true, "exact_m": true, "elapsed": 78.9903838634491, "solver_time": 77.55917096138, "result_path": "C:\\Users\\ddkup\\coursework\\mtsp-routing-optimization\\data\\results\\overnight_20260429_0016\\filo2\\n5000_m5_seed42\\uniform_n5000_m5_r01_m5_seed42.json"}
{"solver": "2opt+greed", "tag": "n5000_m5_seed7", "status": "ok", "objective": 169128.85074439552, "valid": true, "elapsed": 0.15114068984985352, "solver_time": 0.13707}
{"solver": "v19", "tag": "n5000_m5_seed7", "status": "ok", "objective": 151897.0730868653, "valid": true, "elapsed": 30.178717613220215, "solver_time": 30.15482}
{"solver": "lkh3-baseline", "tag": "n5000_m5_seed7", "status": "ok", "objective": 127020.34640159209, "valid": true, "elapsed": 72.76146864891052, "solver_time": 72.738311}
{"solver": "FILO2", "tag": "n5000_m5_seed7", "status": "ok", "objective": 130151.21207698953, "valid": true, "exact_m": true, "elapsed": 62.59640097618103, "solver_time": 60.05113482475281, "result_path": "C:\\Users\\ddkup\\coursework\\mtsp-routing-optimization\\data\\results\\overnight_20260429_0016\\filo2\\n5000_m5_seed7\\uniform_n5000_m5_r01_m5_seed7.json"}
{"solver": "2opt+greed", "tag": "n5000_m5_seed13", "status": "ok", "objective": 169128.85074439552, "valid": true, "elapsed": 0.14467787742614746, "solver_time": 0.126955}
{"solver": "v19", "tag": "n5000_m5_seed13", "status": "ok", "objective": 150870.6250089835, "valid": true, "elapsed": 30.180174827575684, "solver_time": 30.155571}
{"solver": "lkh3-baseline", "tag": "n5000_m5_seed13", "status": "ok", "objective": 127020.34640159209, "valid": true, "elapsed": 71.64164853096008, "solver_time": 71.62337}
{"solver": "FILO2", "tag": "n5000_m5_seed13", "status": "ok", "objective": 131709.42003814215, "valid": true, "exact_m": true, "elapsed": 62.470099449157715, "solver_time": 60.04524326324463, "result_path": "C:\\Users\\ddkup\\coursework\\mtsp-routing-optimization\\data\\results\\overnight_20260429_0016\\filo2\\n5000_m5_seed13\\uniform_n5000_m5_r01_m5_seed13.json"}
{"solver": "2opt+greed", "tag": "n5000_m7_seed42", "status": "ok", "objective": 167842.47809402584, "valid": true, "elapsed": 0.1765296459197998, "solver_time": 0.138958}
{"solver": "v19", "tag": "n5000_m7_seed42", "status": "ok", "objective": 151741.99159387528, "valid": true, "elapsed": 29.96372628211975, "solver_time": 29.939865}
{"solver": "lkh3-baseline", "tag": "n5000_m7_seed42", "status": "ok", "objective": 128180.56143277392, "valid": true, "elapsed": 71.6430504322052, "solver_time": 71.627996}
{"solver": "FILO2", "tag": "n5000_m7_seed42", "status": "ok", "objective": 131988.7861150427, "valid": true, "exact_m": true, "elapsed": 62.30008387565613, "solver_time": 60.050957679748535, "result_path": "C:\\Users\\ddkup\\coursework\\mtsp-routing-optimization\\data\\results\\overnight_20260429_0016\\filo2\\n5000_m7_seed42\\uniform_n5000_m7_r01_m7_seed42.json"}
{"solver": "2opt+greed", "tag": "n5000_m7_seed7", "status": "ok", "objective": 167842.47809402584, "valid": true, "elapsed": 0.14696288108825684, "solver_time": 0.130034}
{"solver": "v19", "tag": "n5000_m7_seed7", "status": "ok", "objective": 152392.68025394826, "valid": true, "elapsed": 30.171465396881104, "solver_time": 30.14181}
{"solver": "lkh3-baseline", "tag": "n5000_m7_seed7", "status": "ok", "objective": 128180.56143277392, "valid": true, "elapsed": 72.39937114715576, "solver_time": 72.378013}
{"solver": "FILO2", "tag": "n5000_m7_seed7", "status": "ok", "objective": 132059.98865234433, "valid": true, "exact_m": true, "elapsed": 62.30675029754639, "solver_time": 60.0973265171051, "result_path": "C:\\Users\\ddkup\\coursework\\mtsp-routing-optimization\\data\\results\\overnight_20260429_0016\\filo2\\n5000_m7_seed7\\uniform_n5000_m7_r01_m7_seed7.json"}
{"solver": "2opt+greed", "tag": "n5000_m7_seed13", "status": "ok", "objective": 167842.47809402584, "valid": true, "elapsed": 0.15499544143676758, "solver_time": 0.130465}
{"solver": "v19", "tag": "n5000_m7_seed13", "status": "ok", "objective": 152305.5526030079, "valid": true, "elapsed": 30.07953643798828, "solver_time": 30.051206}
{"solver": "lkh3-baseline", "tag": "n5000_m7_seed13", "status": "ok", "objective": 128180.56143277392, "valid": true, "elapsed": 72.42060804367065, "solver_time": 72.395716}
{"solver": "FILO2", "tag": "n5000_m7_seed13", "status": "ok", "objective": 132233.41035572748, "valid": true, "exact_m": true, "elapsed": 62.908735036849976, "solver_time": 60.21780490875244, "result_path": "C:\\Users\\ddkup\\coursework\\mtsp-routing-optimization\\data\\results\\overnight_20260429_0016\\filo2\\n5000_m7_seed13\\uniform_n5000_m7_r01_m7_seed13.json"}
{"solver": "2opt+greed", "tag": "n10000_m5_seed42", "status": "ok", "objective": 435897.51829951914, "valid": true, "elapsed": 0.7600595951080322, "solver_time": 0.737707}
{"solver": "v19", "tag": "n10000_m5_seed42", "status": "ok", "objective": 434377.1982971749, "valid": true, "elapsed": 21.675338745117188, "solver_time": 21.644241}
{"solver": "lkh3-baseline", "tag": "n10000_m5_seed42", "status": "ok", "objective": 359831.7428680543, "valid": true, "elapsed": 136.7349750995636, "solver_time": 136.707042}
{"solver": "FILO2", "tag": "n10000_m5_seed42", "status": "ok", "objective": 371985.0921705419, "valid": true, "exact_m": true, "elapsed": 60.033727407455444, "solver_time": 60.03710341453552, "result_path": "C:\\Users\\ddkup\\coursework\\mtsp-routing-optimization\\data\\results\\overnight_20260429_0016\\filo2\\n10000_m5_seed42\\uniform_n10000_m5_r01_m5_seed42.json"}
{"solver": "2opt+greed", "tag": "n10000_m5_seed7", "status": "ok", "objective": 435897.51829951914, "valid": true, "elapsed": 0.7416281700134277, "solver_time": 0.714709}
{"solver": "v19", "tag": "n10000_m5_seed7", "status": "ok", "objective": 434727.33489915344, "valid": true, "elapsed": 26.847005605697632, "solver_time": 26.816551}
{"solver": "lkh3-baseline", "tag": "n10000_m5_seed7", "status": "ok", "objective": 359831.7428680543, "valid": true, "elapsed": 139.82667660713196, "solver_time": 139.806707}
{"solver": "FILO2", "tag": "n10000_m5_seed7", "status": "ok", "objective": 401599.28439620277, "valid": true, "exact_m": true, "elapsed": 186.72390580177307, "solver_time": 187.94520926475525, "result_path": "C:\\Users\\ddkup\\coursework\\mtsp-routing-optimization\\data\\results\\overnight_20260429_0016\\filo2\\n10000_m5_seed7\\uniform_n10000_m5_r01_m5_seed7.json"}
{"solver": "2opt+greed", "tag": "n10000_m5_seed13", "status": "ok", "objective": 435897.51829951914, "valid": true, "elapsed": 0.7722253799438477, "solver_time": 0.746336}
{"solver": "v19", "tag": "n10000_m5_seed13", "status": "ok", "objective": 433519.8270065178, "valid": true, "elapsed": 30.08853030204773, "solver_time": 30.066854}
{"solver": "lkh3-baseline", "tag": "n10000_m5_seed13", "status": "ok", "objective": 359831.7428680543, "valid": true, "elapsed": 139.2117669582367, "solver_time": 139.188983}
{"solver": "FILO2", "tag": "n10000_m5_seed13", "status": "ok", "objective": 401201.0617929576, "valid": true, "exact_m": true, "elapsed": 178.0030128955841, "solver_time": 177.14942955970764, "result_path": "C:\\Users\\ddkup\\coursework\\mtsp-routing-optimization\\data\\results\\overnight_20260429_0016\\filo2\\n10000_m5_seed13\\uniform_n10000_m5_r01_m5_seed13.json"}
{"solver": "2opt+greed", "tag": "n10000_m7_seed42", "status": "ok", "objective": 468091.08823779324, "valid": true, "elapsed": 0.6459765434265137, "solver_time": 0.625654}
{"solver": "v19", "tag": "n10000_m7_seed42", "status": "ok", "objective": 452306.2426596221, "valid": true, "elapsed": 30.433928728103638, "solver_time": 30.403831}
{"solver": "lkh3-baseline", "tag": "n10000_m7_seed42", "status": "ok", "objective": 359709.9382703893, "valid": true, "elapsed": 146.1803696155548, "solver_time": 146.161686}
{"solver": "FILO2", "tag": "n10000_m7_seed42", "status": "ok", "objective": 404920.2486386736, "valid": true, "exact_m": true, "elapsed": 127.36335825920105, "solver_time": 124.96748661994934, "result_path": "C:\\Users\\ddkup\\coursework\\mtsp-routing-optimization\\data\\results\\overnight_20260429_0016\\filo2\\n10000_m7_seed42\\uniform_n10000_m7_r01_m7_seed42.json"}
{"solver": "2opt+greed", "tag": "n10000_m7_seed7", "status": "ok", "objective": 468091.08823779324, "valid": true, "elapsed": 0.5732548236846924, "solver_time": 0.551203}
{"solver": "v19", "tag": "n10000_m7_seed7", "status": "ok", "objective": 454305.16296958074, "valid": true, "elapsed": 30.78590416908264, "solver_time": 30.748935}
{"solver": "lkh3-baseline", "tag": "n10000_m7_seed7", "status": "ok", "objective": 359709.9382703893, "valid": true, "elapsed": 138.82270050048828, "solver_time": 138.798198}
{"solver": "FILO2", "tag": "n10000_m7_seed7", "status": "ok", "objective": 401848.02610419464, "valid": true, "exact_m": true, "elapsed": 115.91454458236694, "solver_time": 116.75982022285461, "result_path": "C:\\Users\\ddkup\\coursework\\mtsp-routing-optimization\\data\\results\\overnight_20260429_0016\\filo2\\n10000_m7_seed7\\uniform_n10000_m7_r01_m7_seed7.json"}
{"solver": "2opt+greed", "tag": "n10000_m7_seed13", "status": "ok", "objective": 468091.08823779324, "valid": true, "elapsed": 0.6770460605621338, "solver_time": 0.581589}
{"solver": "v19", "tag": "n10000_m7_seed13", "status": "ok", "objective": 448180.74552498123, "valid": true, "elapsed": 30.523844718933105, "solver_time": 30.436497}
{"solver": "lkh3-baseline", "tag": "n10000_m7_seed13", "status": "ok", "objective": 359715.443152693, "valid": true, "elapsed": 139.24616813659668, "solver_time": 139.221463}
{"solver": "FILO2", "tag": "n10000_m7_seed13", "status": "ok", "objective": 402388.04757670197, "valid": true, "exact_m": true, "elapsed": 119.34824228286743, "solver_time": 117.90996599197388, "result_path": "C:\\Users\\ddkup\\coursework\\mtsp-routing-optimization\\data\\results\\overnight_20260429_0016\\filo2\\n10000_m7_seed13\\uniform_n10000_m7_r01_m7_seed13.json"}
{"solver": "2opt+greed", "tag": "n25000_m5_seed42", "status": "ok", "objective": 1673508.8890763307, "valid": true, "elapsed": 4.6670920848846436, "solver_time": 4.602445}
{"solver": "v19", "tag": "n25000_m5_seed42", "status": "ok", "objective": 1672948.4818871683, "valid": true, "elapsed": 93.84705948829651, "solver_time": 93.800295}
{"solver": "FILO2", "tag": "n25000_m5_seed42", "status": "timeout_subprocess", "elapsed": 720.0182695388794}
{"solver": "2opt+greed", "tag": "n25000_m5_seed7", "status": "ok", "objective": 1673508.8890763307, "valid": true, "elapsed": 4.498211145401001, "solver_time": 4.449095}
{"solver": "v19", "tag": "n25000_m5_seed7", "status": "ok", "objective": 1671657.6136341025, "valid": true, "elapsed": 85.03243446350098, "solver_time": 84.982622}
{"solver": "FILO2", "tag": "n25000_m5_seed7", "status": "timeout_subprocess", "elapsed": 720.0206232070923}
{"solver": "2opt+greed", "tag": "n25000_m5_seed13", "status": "ok", "objective": 1673508.8890763307, "valid": true, "elapsed": 4.567861795425415, "solver_time": 4.52453}
{"solver": "v19", "tag": "n25000_m5_seed13", "status": "ok", "objective": 1668556.942565313, "valid": true, "elapsed": 88.99447298049927, "solver_time": 88.942669}
{"solver": "FILO2", "tag": "n25000_m5_seed13", "status": "timeout_subprocess", "elapsed": 720.0210907459259}
{"solver": "2opt+greed", "tag": "n25000_m7_seed42", "status": "ok", "objective": 1792420.1752956747, "valid": true, "elapsed": 3.696589946746826, "solver_time": 3.641199}
{"solver": "v19", "tag": "n25000_m7_seed42", "status": "ok", "objective": 1797877.2499545491, "valid": true, "elapsed": 60.14088249206543, "solver_time": 60.081413}
{"solver": "FILO2", "tag": "n25000_m7_seed42", "status": "ok", "objective": 1577757.0971797435, "valid": true, "exact_m": true, "elapsed": 582.8282141685486, "solver_time": 577.4348776340485, "result_path": "C:\\Users\\ddkup\\coursework\\mtsp-routing-optimization\\data\\results\\overnight_20260429_0016\\filo2\\n25000_m7_seed42\\uniform_n25000_m7_r01_m7_seed42.json"}
{"solver": "2opt+greed", "tag": "n25000_m7_seed7", "status": "ok", "objective": 1792420.1752956747, "valid": true, "elapsed": 3.894179582595825, "solver_time": 3.84826}
{"solver": "v19", "tag": "n25000_m7_seed7", "status": "ok", "objective": 1801991.6590730248, "valid": true, "elapsed": 60.61760711669922, "solver_time": 60.573643}
{"solver": "FILO2", "tag": "n25000_m7_seed7", "status": "ok", "objective": 1571364.835375331, "valid": true, "exact_m": true, "elapsed": 689.6206343173981, "solver_time": 689.1690559387207, "result_path": "C:\\Users\\ddkup\\coursework\\mtsp-routing-optimization\\data\\results\\overnight_20260429_0016\\filo2\\n25000_m7_seed7\\uniform_n25000_m7_r01_m7_seed7.json"}
{"solver": "2opt+greed", "tag": "n25000_m7_seed13", "status": "ok", "objective": 1792420.1752956747, "valid": true, "elapsed": 3.6328892707824707, "solver_time": 3.596869}
{"solver": "v19", "tag": "n25000_m7_seed13", "status": "ok", "objective": 1796583.3484753442, "valid": true, "elapsed": 59.58189606666565, "solver_time": 59.528005}
{"solver": "FILO2", "tag": "n25000_m7_seed13", "status": "ok", "objective": 1588687.5769464793, "valid": true, "exact_m": true, "elapsed": 674.8986325263977, "solver_time": 670.5845854282379, "result_path": "C:\\Users\\ddkup\\coursework\\mtsp-routing-optimization\\data\\results\\overnight_20260429_0016\\filo2\\n25000_m7_seed13\\uniform_n25000_m7_r01_m7_seed13.json"}
{"solver": "2opt+greed", "tag": "n50000_m5_seed42", "status": "ok", "objective": 4650139.629510124, "valid": true, "elapsed": 21.104827880859375, "solver_time": 21.028304}
{"solver": "v19", "tag": "n50000_m5_seed42", "status": "ok", "objective": 4767321.627303371, "valid": true, "elapsed": 144.44425559043884, "solver_time": 144.316549}
{"solver": "FILO2", "tag": "n50000_m5_seed42", "status": "timeout_subprocess", "elapsed": 1020.0439081192017}
{"solver": "2opt+greed", "tag": "n50000_m5_seed7", "status": "ok", "objective": 4650139.629510124, "valid": true, "elapsed": 44.471686363220215, "solver_time": 44.402805}
{"solver": "v19", "tag": "n50000_m5_seed7", "status": "ok", "objective": 4915554.686754469, "valid": true, "elapsed": 166.52736258506775, "solver_time": 166.434868}
{"solver": "FILO2", "tag": "n50000_m5_seed7", "status": "timeout_subprocess", "elapsed": 1020.0229709148407}
{"solver": "2opt+greed", "tag": "n50000_m5_seed13", "status": "ok", "objective": 4650139.629510124, "valid": true, "elapsed": 49.46449398994446, "solver_time": 49.388251}
{"solver": "v19", "tag": "n50000_m5_seed13", "status": "ok", "objective": 4967571.354240695, "valid": true, "elapsed": 143.36618399620056, "solver_time": 143.279653}
{"solver": "FILO2", "tag": "n50000_m5_seed13", "status": "timeout_subprocess", "elapsed": 1020.0198307037354}
{"solver": "2opt+greed", "tag": "n50000_m7_seed42", "status": "ok", "objective": 5083695.978183911, "valid": true, "elapsed": 36.14099097251892, "solver_time": 36.067268}
{"solver": "v19", "tag": "n50000_m7_seed42", "status": "ok", "objective": 5378515.99791867, "valid": true, "elapsed": 180.77913808822632, "solver_time": 180.692255}
{"solver": "FILO2", "tag": "n50000_m7_seed42", "status": "timeout_subprocess", "elapsed": 1020.0206112861633}
{"solver": "2opt+greed", "tag": "n50000_m7_seed7", "status": "ok", "objective": 5083695.978183911, "valid": true, "elapsed": 41.36273980140686, "solver_time": 41.287951}
{"solver": "v19", "tag": "n50000_m7_seed7", "status": "ok", "objective": 5355924.192523415, "valid": true, "elapsed": 171.63946270942688, "solver_time": 171.546242}
{"solver": "FILO2", "tag": "n50000_m7_seed7", "status": "timeout_subprocess", "elapsed": 1020.0255346298218}
{"solver": "2opt+greed", "tag": "n50000_m7_seed13", "status": "ok", "objective": 5083695.978183911, "valid": true, "elapsed": 35.94872736930847, "solver_time": 35.816117}
{"solver": "v19", "tag": "n50000_m7_seed13", "status": "ok", "objective": 5261328.975760994, "valid": true, "elapsed": 192.8357765674591, "solver_time": 192.736633}
{"solver": "FILO2", "tag": "n50000_m7_seed13", "status": "timeout_subprocess", "elapsed": 1020.0227346420288}
{"solver": "2opt+greed", "tag": "n100000_m5_seed42", "status": "ok", "objective": 13128456.276115276, "valid": true, "elapsed": 210.67130160331726, "solver_time": 210.534595}
{"solver": "v19", "tag": "n100000_m5_seed42", "status": "ok", "objective": 13211283.910943935, "valid": true, "elapsed": 300.94165682792664, "solver_time": 300.828938}
{"solver": "FILO2", "tag": "n100000_m5_seed42", "status": "timeout_subprocess", "elapsed": 1620.0179228782654}
{"solver": "2opt+greed", "tag": "n100000_m5_seed7", "status": "ok", "objective": 13128456.276115276, "valid": true, "elapsed": 208.7066309452057, "solver_time": 208.471178}
{"solver": "v19", "tag": "n100000_m5_seed7", "status": "ok", "objective": 13216136.379243407, "valid": true, "elapsed": 304.919944524765, "solver_time": 304.784472}
{"solver": "FILO2", "tag": "n100000_m5_seed7", "status": "nonzero_exit", "exit_code": 1073807364, "stderr": "", "elapsed": 1329.5807201862335}
