PARAMETER_FILE = /mnt/c/Users/ddkup/AppData/Local/Temp/mtsp_lkh3_baseline_runs/run_1777493147376_32412_0/params.par
Reading PROBLEM_FILE: "problem.tsp" ... done
ASCENT_CANDIDATES = 50
BACKBONE_TRIALS = 0
BACKTRACKING = NO
# BWTSP =
# CANDIDATE_FILE =
CANDIDATE_SET_TYPE = POPMUSIC
DEPOT = 1
# EDGE_FILE =
EXCESS = 0.01
EXTERNAL_SALESMEN = 0
EXTRA_CANDIDATES = 0 
EXTRA_CANDIDATE_SET_TYPE = QUADRANT
GAIN23 = YES
GAIN_CRITERION = YES
INITIAL_PERIOD = 5000
INITIAL_STEP_SIZE = 1
INITIAL_TOUR_ALGORITHM = MTSP
# INITIAL_TOUR_FILE = 
INITIAL_TOUR_FRACTION = 1.000
# INPUT_TOUR_FILE = 
KICK_TYPE = 0
KICKS = 1
# MAX_BREADTH =
MAKESPAN = NO
MAX_CANDIDATES = 5 
MAX_SWAPS = 10000
MAX_TRIALS = 10000
# MERGE_TOUR_FILE =
MOVE_TYPE = 5 
MTSP_MIN_SIZE = 1
MTSP_MAX_SIZE = 999999999
MTSP_OBJECTIVE = MINSUM
MTSP_SOLUTION_FILE = result.txt
# NONSEQUENTIAL_MOVE_TYPE = 5
# OPTIMUM =
OUTPUT_TOUR_FILE = output.tour
PATCHING_A = 1 
PATCHING_C = 0 
# PI_FILE = 
POPMUSIC_INITIAL_TOUR = NO
POPMUSIC_MAX_NEIGHBORS = 5
POPMUSIC_SAMPLE_SIZE = 10
POPMUSIC_SOLUTIONS = 50
POPMUSIC_TRIALS = 1
# POPULATION_SIZE = 0
PRECISION = 100
PROBLEM_FILE = problem.tsp
RECOMBINATION = IPT
RESTRICTED_SEARCH = YES
RUNS = 1
SALESMEN = 100
SCALE = 1000
SEED = 1
# SINTEF_SOLUTION_FILE = 
STOP_AT_OPTIMUM = YES
SUBGRADIENT = YES
# SUBPROBLEM_SIZE =
# SUBPROBLEM_TOUR_FILE = 
SUBSEQUENT_MOVE_TYPE = 5 
SUBSEQUENT_PATCHING = YES
TIME_LIMIT = 60.0
# TOUR_FILE = 
TRACE_LEVEL = 1
VEHICLES = 100

Lower bound = 8493896.5, Ascent time = 150.34 sec.
Cand.min = 2, Cand.avg = 5.1, Cand.max = 30
Preprocessing time = 150.38 sec.
MTSP = 0_56901145, Time = 0.10 sec.
* 1: Cost = 0_8533256, Time = 10.45 sec. 
Writing OUTPUT_TOUR_FILE: "output.tour" ... done
* 2: Cost = 0_8531428, Time = 13.82 sec. 
Writing OUTPUT_TOUR_FILE: "output.tour" ... done
* 3: Cost = 0_8528404, Time = 16.35 sec. 
Writing OUTPUT_TOUR_FILE: "output.tour" ... done
* 4: Cost = 0_8528363, Time = 20.05 sec. 
Writing OUTPUT_TOUR_FILE: "output.tour" ... done
* 5: Cost = 0_8527242, Time = 21.76 sec. 
Writing OUTPUT_TOUR_FILE: "output.tour" ... done
* 6: Cost = 0_8526296, Time = 23.29 sec. 
Writing OUTPUT_TOUR_FILE: "output.tour" ... done
* 8: Cost = 0_8525697, Time = 25.91 sec. 
Writing OUTPUT_TOUR_FILE: "output.tour" ... done
* 9: Cost = 0_8525509, Time = 28.37 sec. 
Writing OUTPUT_TOUR_FILE: "output.tour" ... done
* 10: Cost = 0_8525454, Time = 29.44 sec. 
Writing OUTPUT_TOUR_FILE: "output.tour" ... done
* 11: Cost = 0_8525144, Time = 31.45 sec. 
Writing OUTPUT_TOUR_FILE: "output.tour" ... done
* 12: Cost = 0_8525089, Time = 32.85 sec. 
Writing OUTPUT_TOUR_FILE: "output.tour" ... done
* 13: Cost = 0_8524793, Time = 34.00 sec. 
Writing OUTPUT_TOUR_FILE: "output.tour" ... done
* 16: Cost = 0_8524526, Time = 37.60 sec. 
Writing OUTPUT_TOUR_FILE: "output.tour" ... done
* 17: Cost = 0_8524387, Time = 38.56 sec. 
Writing OUTPUT_TOUR_FILE: "output.tour" ... done
* 18: Cost = 0_8524360, Time = 39.91 sec. 
Writing OUTPUT_TOUR_FILE: "output.tour" ... done
* 22: Cost = 0_8524308, Time = 48.74 sec. 
Writing OUTPUT_TOUR_FILE: "output.tour" ... done
* 23: Cost = 0_8524283, Time = 49.78 sec. 
Writing OUTPUT_TOUR_FILE: "output.tour" ... done
* 24: Cost = 0_8524207, Time = 50.89 sec. 
Writing OUTPUT_TOUR_FILE: "output.tour" ... done
* 25: Cost = 0_8524175, Time = 51.92 sec. 
Writing OUTPUT_TOUR_FILE: "output.tour" ... done
* 26: Cost = 0_8524168, Time = 52.99 sec. 
Writing OUTPUT_TOUR_FILE: "output.tour" ... done
* 31: Cost = 0_8524160, Time = 59.45 sec. 
Writing OUTPUT_TOUR_FILE: "output.tour" ... done
* 32: Cost = 0_8524092, Time = 60.67 sec. 
Writing OUTPUT_TOUR_FILE: "output.tour" ... done
*** Time limit exceeded ***
Run 1: Cost = 0_8524092, Time = 60.68 sec. 

Successes/Runs = 0/1 
Cost.min = 8524092, Cost.avg = 8524092.00, Cost.max = 8524092
Gap.min = 0.0000%, Gap.avg = 0.0000%, Gap.max = 0.0000%
Penalty.min = 0, Penalty.avg = 0.00, Penalty.max = 0
Trials.min = 33, Trials.avg = 33.0, Trials.max = 33
Time.min = 60.68 sec., Time.avg = 60.68 sec., Time.max = 60.68 sec.
  Size.min = 1, Size.max = 9649, Penalty = 0
  Cost.min = 18438, Cost.max = 5072558, Cost.sum = 8524092
Writing MTSP_SOLUTION_FILE: "result.txt" ... done
Best TSP solution:
  Cost = 0_8524092

